[    0.000000] Linux version 4.15.0-212-generic (buildd@lcy02-amd64-083) (gcc version 7.5.0 (Ubuntu 7.5.0-3ubuntu1~18.04)) #223-Ubuntu SMP Tue May 23 13:09:22 UTC 2023 (Ubuntu 4.15.0-212.223-generic 4.15.18)
[    0.000000] Command line: BOOT_IMAGE=/boot/vmlinuz-4.15.0-212-generic root=LABEL=cloudimg-rootfs ro console=tty1 console=ttyS0
[    0.000000] KERNEL supported cpus:
[    0.000000]   Intel GenuineIntel
[    0.000000]   AMD AuthenticAMD
[    0.000000]   Centaur CentaurHauls
[    0.000000] x86/fpu: x87 FPU will use FXSAVE
[    0.000000] e820: BIOS-provided physical RAM map:
[    0.000000] BIOS-e820: [mem 0x0000000000000000-0x000000000009fbff] usable
[    0.000000] BIOS-e820: [mem 0x000000000009fc00-0x000000000009ffff] reserved
[    0.000000] BIOS-e820: [mem 0x00000000000f0000-0x00000000000fffff] reserved
[    0.000000] BIOS-e820: [mem 0x0000000000100000-0x000000003ffeffff] usable
[    0.000000] BIOS-e820: [mem 0x000000003fff0000-0x000000003fffffff] ACPI data
[    0.000000] BIOS-e820: [mem 0x00000000fec00000-0x00000000fec00fff] reserved
[    0.000000] BIOS-e820: [mem 0x00000000fee00000-0x00000000fee00fff] reserved
[    0.000000] BIOS-e820: [mem 0x00000000fffc0000-0x00000000ffffffff] reserved
[    0.000000] NX (Execute Disable) protection: active
[    0.000000] SMBIOS 2.5 present.
[    0.000000] DMI: innotek GmbH VirtualBox/VirtualBox, BIOS VirtualBox 12/01/2006
[    0.000000] Hypervisor detected: KVM
[    0.000000] e820: last_pfn = 0x3fff0 max_arch_pfn = 0x400000000
[    0.000000] MTRR: Disabled
[    0.000000] x86/PAT: MTRRs disabled, skipping PAT initialization too.
[    0.000000] CPU MTRRs all blank - virtualized system.
[    0.000000] x86/PAT: Configuration [0-7]: WB  WT  UC- UC  WB  WT  UC- UC  
[    0.000000] found SMP MP-table at [mem 0x0009fff0-0x0009ffff]
[    0.000000] Scanning 1 areas for low memory corruption
[    0.000000] RAMDISK: [mem 0x359cb000-0x36cdcfff]
[    0.000000] ACPI: Early table checksum verification disabled
[    0.000000] ACPI: RSDP 0x00000000000E0000 000024 (v02 VBOX  )
[    0.000000] ACPI: XSDT 0x000000003FFF0030 00003C (v01 VBOX   VBOXXSDT 00000001 ASL  00000061)
[    0.000000] ACPI: FACP 0x000000003FFF00F0 0000F4 (v04 VBOX   VBOXFACP 00000001 ASL  00000061)
[    0.000000] ACPI: DSDT 0x000000003FFF0610 002353 (v02 VBOX   VBOXBIOS 00000002 INTL 20100528)
[    0.000000] ACPI: FACS 0x000000003FFF0200 000040
[    0.000000] ACPI: FACS 0x000000003FFF0200 000040
[    0.000000] ACPI: APIC 0x000000003FFF0240 00005C (v02 VBOX   VBOXAPIC 00000001 ASL  00000061)
[    0.000000] ACPI: SSDT 0x000000003FFF02A0 00036C (v01 VBOX   VBOXCPUT 00000002 INTL 20100528)
[    0.000000] ACPI: Reserving FACP table memory at [mem 0x3fff00f0-0x3fff01e3]
[    0.000000] ACPI: Reserving DSDT table memory at [mem 0x3fff0610-0x3fff2962]
[    0.000000] ACPI: Reserving FACS table memory at [mem 0x3fff0200-0x3fff023f]
[    0.000000] ACPI: Reserving FACS table memory at [mem 0x3fff0200-0x3fff023f]
[    0.000000] ACPI: Reserving APIC table memory at [mem 0x3fff0240-0x3fff029b]
[    0.000000] ACPI: Reserving SSDT table memory at [mem 0x3fff02a0-0x3fff060b]
[    0.000000] No NUMA configuration found
[    0.000000] Faking a node at [mem 0x0000000000000000-0x000000003ffeffff]
[    0.000000] NODE_DATA(0) allocated [mem 0x3ffc5000-0x3ffeffff]
[    0.000000] kvm-clock: cpu 0, msr 0:3ff44001, primary cpu clock
[    0.000000] kvm-clock: Using msrs 4b564d01 and 4b564d00
[    0.000000] kvm-clock: using sched offset of 5084485837 cycles
[    0.000000] clocksource: kvm-clock: mask: 0xffffffffffffffff max_cycles: 0x1cd42e4dffb, max_idle_ns: 881590591483 ns
[    0.000000] Zone ranges:
[    0.000000]   DMA      [mem 0x0000000000001000-0x0000000000ffffff]
[    0.000000]   DMA32    [mem 0x0000000001000000-0x000000003ffeffff]
[    0.000000]   Normal   empty
[    0.000000]   Device   empty
[    0.000000] Movable zone start for each node
[    0.000000] Early memory node ranges
[    0.000000]   node   0: [mem 0x0000000000001000-0x000000000009efff]
[    0.000000]   node   0: [mem 0x0000000000100000-0x000000003ffeffff]
[    0.000000] Reserved but unavailable: 104 pages
[    0.000000] Initmem setup node 0 [mem 0x0000000000001000-0x000000003ffeffff]
[    0.000000] ACPI: PM-Timer IO Port: 0x4008
[    0.000000] IOAPIC[0]: apic_id 2, version 32, address 0xfec00000, GSI 0-23
[    0.000000] ACPI: INT_SRC_OVR (bus 0 bus_irq 0 global_irq 2 dfl dfl)
[    0.000000] ACPI: INT_SRC_OVR (bus 0 bus_irq 9 global_irq 9 low level)
[    0.000000] Using ACPI (MADT) for SMP configuration information
[    0.000000] smpboot: Allowing 2 CPUs, 0 hotplug CPUs
[    0.000000] PM: Registered nosave memory: [mem 0x00000000-0x00000fff]
[    0.000000] PM: Registered nosave memory: [mem 0x0009f000-0x0009ffff]
[    0.000000] PM: Registered nosave memory: [mem 0x000a0000-0x000effff]
[    0.000000] PM: Registered nosave memory: [mem 0x000f0000-0x000fffff]
[    0.000000] e820: [mem 0x40000000-0xfebfffff] available for PCI devices
[    0.000000] Booting paravirtualized kernel on KVM
[    0.000000] clocksource: refined-jiffies: mask: 0xffffffff max_cycles: 0xffffffff, max_idle_ns: 7645519600211568 ns
[    0.000000] setup_percpu: NR_CPUS:8192 nr_cpumask_bits:2 nr_cpu_ids:2 nr_node_ids:1
[    0.000000] percpu: Embedded 50 pages/cpu s167936 r8192 d28672 u1048576
[    0.000000] PV qspinlock hash table entries: 256 (order: 0, 4096 bytes)
[    0.000000] Built 1 zonelists, mobility grouping on.  Total pages: 257913
[    0.000000] Policy zone: DMA32
[    0.000000] Kernel command line: BOOT_IMAGE=/boot/vmlinuz-4.15.0-212-generic root=LABEL=cloudimg-rootfs ro console=tty1 console=ttyS0
[    0.000000] Memory: 982644K/1048120K available (12300K kernel code, 2477K rwdata, 4324K rodata, 2480K init, 2720K bss, 65476K reserved, 0K cma-reserved)
[    0.000000] SLUB: HWalign=64, Order=0-3, MinObjects=0, CPUs=2, Nodes=1
[    0.000000] ftrace: allocating 39508 entries in 155 pages
[    0.004000] Hierarchical RCU implementation.
[    0.004000] 	RCU restricting CPUs from NR_CPUS=8192 to nr_cpu_ids=2.
[    0.004000] 	Tasks RCU enabled.
[    0.004000] RCU: Adjusting geometry for rcu_fanout_leaf=16, nr_cpu_ids=2
[    0.004000] NR_IRQS: 524544, nr_irqs: 440, preallocated irqs: 16
[    0.004000] random: crng init done
[    0.004000] Console: colour VGA+ 80x25
[    0.004000] console [tty1] enabled
[    0.004000] console [ttyS0] enabled
[    0.004000] ACPI: Core revision 20170831
[    0.004000] ACPI: 2 ACPI AML tables successfully acquired and loaded
[    0.004000] APIC: Switch to symmetric I/O mode setup
[    0.004000] ..TIMER: vector=0x30 apic1=0 pin1=2 apic2=-1 pin2=-1
[    0.004008] tsc: Detected 2611.210 MHz processor
[    0.008013] Calibrating delay loop (skipped) preset value.. 5222.42 BogoMIPS (lpj=10444840)
[    0.012009] pid_max: default: 32768 minimum: 301
[    0.016151] Security Framework initialized
[    0.020005] Yama: becoming mindful.
[    0.024196] AppArmor: AppArmor initialized
[    0.041286] Dentry cache hash table entries: 131072 (order: 8, 1048576 bytes)
[    0.052226] Inode-cache hash table entries: 65536 (order: 7, 524288 bytes)
[    0.056204] Mount-cache hash table entries: 2048 (order: 2, 16384 bytes)
[    0.060195] Mountpoint-cache hash table entries: 2048 (order: 2, 16384 bytes)
[    0.070469] Last level iTLB entries: 4KB 0, 2MB 0, 4MB 0
[    0.072007] Last level dTLB entries: 4KB 0, 2MB 0, 4MB 0, 1GB 0
[    0.080009] Spectre V1 : Mitigation: usercopy/swapgs barriers and __user pointer sanitization
[    0.084010] Spectre V2 : Mitigation: Enhanced IBRS
[    0.088008] Spectre V2 : Spectre v2 / SpectreRSB mitigation: Filling RSB on context switch
[    0.092008] Spectre V2 : Spectre v2 / PBRSB-eIBRS: Retire a single CALL on VMEXIT
[    0.096009] RETBleed: Mitigation: Enhanced IBRS
[    0.100007] Speculative Store Bypass: Vulnerable
[    0.104274] Freeing SMP alternatives memory: 36K
[    0.225270] smpboot: CPU0: 12th Gen Intel(R) Core(TM) i7-1255U (family: 0x6, model: 0x9a, stepping: 0x4)
[    0.229027] Performance Events: unsupported p6 CPU model 154 no PMU driver, software events only.
[    0.232236] Hierarchical SRCU implementation.
[    0.240216] NMI watchdog: Perf event create on CPU 0 failed with -2
[    0.248132] NMI watchdog: Perf NMI watchdog permanently disabled
[    0.256617] smp: Bringing up secondary CPUs ...
[    0.262295] x86: Booting SMP configuration:
[    0.264006] .... node  #0, CPUs:      #1
[    0.004000] kvm-clock: cpu 1, msr 0:3ff44041, secondary cpu clock
[    0.288000] TSC synchronization [CPU#0 -> CPU#1]:
[    0.288000] Measured 819871 cycles TSC warp between CPUs, turning off TSC clock.
[    0.288000] tsc: Marking TSC unstable due to check_tsc_sync_source failed
[    0.292571] smp: Brought up 1 node, 2 CPUs
[    0.296009] smpboot: Max logical packages: 1
[    0.300007] smpboot: Total of 2 processors activated (10444.84 BogoMIPS)
[    0.309307] devtmpfs: initialized
[    0.312193] x86/mm: Memory block size: 128MB
[    0.320703] evm: security.selinux
[    0.324004] evm: security.SMACK64
[    0.328004] evm: security.SMACK64EXEC
[    0.332004] evm: security.SMACK64TRANSMUTE
[    0.336005] evm: security.SMACK64MMAP
[    0.340004] evm: security.apparmor
[    0.344004] evm: security.ima
[    0.348004] evm: security.capability
[    0.356858] clocksource: jiffies: mask: 0xffffffff max_cycles: 0xffffffff, max_idle_ns: 7645041785100000 ns
[    0.360020] futex hash table entries: 512 (order: 3, 32768 bytes)
[    0.364484] pinctrl core: initialized pinctrl subsystem
[    0.369169] RTC time: 21:53:21, date: 01/29/24
[    0.374445] NET: Registered protocol family 16
[    0.376246] audit: initializing netlink subsys (disabled)
[    0.380430] audit: type=2000 audit(1706565206.438:1): state=initialized audit_enabled=0 res=1
[    0.404023] cpuidle: using governor ladder
[    0.408020] cpuidle: using governor menu
[    0.412141] ACPI: bus type PCI registered
[    0.420009] acpiphp: ACPI Hot Plug PCI Controller Driver version: 0.5
[    0.428821] PCI: Using configuration type 1 for base access
[    0.444966] HugeTLB registered 2.00 MiB page size, pre-allocated 0 pages
[    0.456937] ACPI: Added _OSI(Module Device)
[    0.460010] ACPI: Added _OSI(Processor Device)
[    0.464006] ACPI: Added _OSI(3.0 _SCP Extensions)
[    0.468009] ACPI: Added _OSI(Processor Aggregator Device)
[    0.472007] ACPI: Added _OSI(Linux-Dell-Video)
[    0.476009] ACPI: Added _OSI(Linux-Lenovo-NV-HDMI-Audio)
[    0.480007] ACPI: Added _OSI(Linux-HPI-Hybrid-Graphics)
[    0.490510] ACPI: Executed 1 blocks of module-level executable AML code
[    0.501070] ACPI: Interpreter enabled
[    0.504022] ACPI: (supports S0 S5)
[    0.508005] ACPI: Using IOAPIC for interrupt routing
[    0.513078] PCI: Using host bridge windows from ACPI; if necessary, use "pci=nocrs" and report a bug
[    0.516481] ACPI: Enabled 2 GPEs in block 00 to 07
[    0.542859] ACPI: PCI Root Bridge [PCI0] (domain 0000 [bus 00-ff])
[    0.544014] acpi PNP0A03:00: _OSC: OS supports [ASPM ClockPM Segments MSI]
[    0.549940] acpi PNP0A03:00: _OSC: not requesting OS control; OS requires [ExtendedConfig ASPM ClockPM MSI]
[    0.552027] acpi PNP0A03:00: fail to add MMCONFIG information, can't access extended PCI configuration space under this bridge.
[    0.557534] PCI host bridge to bus 0000:00
[    0.560013] pci_bus 0000:00: root bus resource [io  0x0000-0x0cf7 window]
[    0.564009] pci_bus 0000:00: root bus resource [io  0x0d00-0xffff window]
[    0.568008] pci_bus 0000:00: root bus resource [mem 0x000a0000-0x000bffff window]
[    0.572046] pci_bus 0000:00: root bus resource [mem 0x40000000-0xfdffffff window]
[    0.576012] pci_bus 0000:00: root bus resource [bus 00-ff]
[    0.594895] pci 0000:00:01.1: legacy IDE quirk: reg 0x10: [io  0x01f0-0x01f7]
[    0.596013] pci 0000:00:01.1: legacy IDE quirk: reg 0x14: [io  0x03f6]
[    0.600009] pci 0000:00:01.1: legacy IDE quirk: reg 0x18: [io  0x0170-0x0177]
[    0.604008] pci 0000:00:01.1: legacy IDE quirk: reg 0x1c: [io  0x0376]
[    0.656985] pci 0000:00:07.0: quirk: [io  0x4000-0x403f] claimed by PIIX4 ACPI
[    0.660091] pci 0000:00:07.0: quirk: [io  0x4100-0x410f] claimed by PIIX4 SMB
[    0.690434] ACPI: PCI Interrupt Link [LNKA] (IRQs 5 9 10 *11)
[    0.693110] ACPI: PCI Interrupt Link [LNKB] (IRQs 5 9 *10 11)
[    0.696415] ACPI: PCI Interrupt Link [LNKC] (IRQs 5 *9 10 11)
[    0.700411] ACPI: PCI Interrupt Link [LNKD] (IRQs 5 9 10 *11)
[    0.705692] SCSI subsystem initialized
[    0.712089] pci 0000:00:02.0: vgaarb: setting as boot VGA device
[    0.716000] pci 0000:00:02.0: vgaarb: VGA device added: decodes=io+mem,owns=io+mem,locks=none
[    0.716009] pci 0000:00:02.0: vgaarb: bridge control possible
[    0.720005] vgaarb: loaded
[    0.724193] ACPI: bus type USB registered
[    0.728031] usbcore: registered new interface driver usbfs
[    0.732075] usbcore: registered new interface driver hub
[    0.736021] usbcore: registered new device driver usb
[    0.744425] EDAC MC: Ver: 3.0.0
[    0.752235] PCI: Using ACPI for IRQ routing
[    0.757690] NetLabel: Initializing
[    0.760005] NetLabel:  domain hash size = 128
[    0.764004] NetLabel:  protocols = UNLABELED CIPSOv4 CALIPSO
[    0.768031] NetLabel:  unlabeled traffic allowed by default
[    0.776543] clocksource: Switched to clocksource kvm-clock
[    0.803995] VFS: Disk quotas dquot_6.6.0
[    0.803995] VFS: Dquot-cache hash table entries: 512 (order 0, 4096 bytes)
[    0.803995] AppArmor: AppArmor Filesystem Enabled
[    0.903428] pnp: PnP ACPI init
[    0.907306] pnp: PnP ACPI: found 3 devices
[    0.990505] clocksource: acpi_pm: mask: 0xffffff max_cycles: 0xffffff, max_idle_ns: 2085701024 ns
[    0.992545] NET: Registered protocol family 2
[    0.992545] IP idents hash table entries: 16384 (order: 5, 131072 bytes)
[    1.027052] TCP established hash table entries: 8192 (order: 4, 65536 bytes)
[    1.040634] TCP bind hash table entries: 8192 (order: 5, 131072 bytes)
[    1.044252] TCP: Hash tables configured (established 8192 bind 8192)
[    1.044252] UDP hash table entries: 512 (order: 2, 16384 bytes)
[    1.044252] UDP-Lite hash table entries: 512 (order: 2, 16384 bytes)
[    1.044252] NET: Registered protocol family 1
[    1.044252] pci 0000:00:00.0: Limiting direct PCI/PCI transfers
[    1.044252] pci 0000:00:01.0: Activating ISA DMA hang workarounds
[    1.044252] pci 0000:00:02.0: Video device with shadowed ROM at [mem 0x000c0000-0x000dffff]
[    1.044252] Unpacking initramfs...
[    2.020075] Freeing initrd memory: 19528K
[    2.020075] clocksource: tsc: mask: 0xffffffffffffffff max_cycles: 0x25a399d04c4, max_idle_ns: 440795206293 ns
[    2.020075] platform rtc_cmos: registered platform RTC device (no PNP device found)
[    2.020075] Scanning for low memory corruption every 60 seconds
[    2.098822] Initialise system trusted keyrings
[    2.108425] Key type blacklist registered
[    2.120421] workingset: timestamp_bits=36 max_order=18 bucket_order=0
[    2.138618] zbud: loaded
[    2.168267] squashfs: version 4.0 (2009/01/31) Phillip Lougher
[    2.180774] fuse init (API version 7.26)
[    2.224712] Key type asymmetric registered
[    2.233583] Asymmetric key parser 'x509' registered
[    2.247195] Block layer SCSI generic (bsg) driver version 0.4 loaded (major 246)
[    2.261839] io scheduler noop registered
[    2.270234] io scheduler deadline registered
[    2.277675] io scheduler cfq registered (default)
[    2.287169] ACPI: AC Adapter [AC] (on-line)
[    2.296898] input: Power Button as /devices/LNXSYSTM:00/LNXPWRBN:00/input/input0
[    2.312545] ACPI: Power Button [PWRF]
[    2.319630] input: Sleep Button as /devices/LNXSYSTM:00/LNXSLPBN:00/input/input1
[    2.323054] ACPI: Sleep Button [SLPF]
[    2.341387] Serial: 8250/16550 driver, 32 ports, IRQ sharing enabled
[    2.345554] ACPI: Battery Slot [BAT0] (battery present)
[    2.390761] 00:02: ttyS0 at I/O 0x3f8 (irq = 4, base_baud = 115200) is a 16550A
[    2.435245] Linux agpgart interface v0.103
[    2.466143] loop: module loaded
[    2.477790] scsi host0: ata_piix
[    2.485764] scsi host1: ata_piix
[    2.492454] ata1: PATA max UDMA/33 cmd 0x1f0 ctl 0x3f6 bmdma 0xd000 irq 14
[    2.496256] ata2: PATA max UDMA/33 cmd 0x170 ctl 0x376 bmdma 0xd008 irq 15
[    2.523322] tun: Universal TUN/TAP device driver, 1.6
[    2.533291] PPP generic driver version 2.4.2
[    2.542271] ehci_hcd: USB 2.0 'Enhanced' Host Controller (EHCI) Driver
[    2.553389] ehci-pci: EHCI PCI platform driver
[    2.561981] ehci-platform: EHCI generic platform driver
[    2.571811] ohci_hcd: USB 1.1 'Open' Host Controller (OHCI) Driver
[    2.582980] ohci-pci: OHCI PCI platform driver
[    2.593315] ohci-platform: OHCI generic platform driver
[    2.604177] uhci_hcd: USB Universal Host Controller Interface driver
[    2.614989] i8042: PNP: PS/2 Controller [PNP0303:PS2K,PNP0f03:PS2M] at 0x60,0x64 irq 1,12
[    2.640173] serio: i8042 KBD port at 0x60,0x64 irq 1
[    2.650141] serio: i8042 AUX port at 0x60,0x64 irq 12
[    2.664368] mousedev: PS/2 mouse device common for all mice
[    2.688850] rtc_cmos rtc_cmos: rtc core: registered rtc_cmos as rtc0
[    2.702474] rtc_cmos rtc_cmos: alarms up to one day, 114 bytes nvram
[    2.716550] i2c /dev entries driver
[    2.725183] device-mapper: uevent: version 1.0.3
[    2.783536] device-mapper: ioctl: 4.37.0-ioctl (2017-09-20) initialised: dm-devel@redhat.com
[    2.800489] ledtrig-cpu: registered to indicate activity on CPUs
[    2.800586] input: AT Translated Set 2 keyboard as /devices/platform/i8042/serio0/input/input2
[    2.813572] NET: Registered protocol family 10
[    2.865046] Segment Routing with IPv6
[    2.877245] NET: Registered protocol family 17
[    2.887243] Key type dns_resolver registered
[    2.900771] mce: Using 0 MCE banks
[    2.907918] RAS: Correctable Errors collector initialized.
[    2.918897] sched_clock: Marking stable (2918793137, 0)->(4909066942, -1990273805)
[    2.942042] registered taskstats version 1
[    2.950005] Loading compiled-in X.509 certificates
[    2.968285] Loaded X.509 cert 'Build time autogenerated kernel key: b5b26778eaa3ab3a4a6cee031137706e947d12ad'
[    2.986345] Loaded X.509 cert 'Canonical Ltd. Live Patch Signing: 14df34d1a87cf37625abec039ef2bf521249b969'
[    3.004092] Loaded X.509 cert 'Canonical Ltd. Kernel Module Signing: 88f752e560a1e0737e31163a466ad7b70a850c19'
[    3.022131] blacklist: Loading compiled-in revocation X.509 certificates
[    3.037120] Loaded X.509 cert 'Canonical Ltd. Secure Boot Signing: 61482aa2830d0ab2ad5af10b7250da9033ddcef0'
[    3.065463] Loaded X.509 cert 'Canonical Ltd. Secure Boot Signing (2017): 242ade75ac4a15e50d50c84b0d45ff3eae707a03'
[    3.086469] Loaded X.509 cert 'Canonical Ltd. Secure Boot Signing (ESM 2018): 365188c1d374d6b07c3c8f240f8ef722433d6a8b'
[    3.107268] Loaded X.509 cert 'Canonical Ltd. Secure Boot Signing (2019): c0746fd6c5da3ae827864651ad66ae47fe24b3e8'
[    3.126561] Loaded X.509 cert 'Canonical Ltd. Secure Boot Signing (2021 v1): a8d54bbb3825cfb94fa13c9f8a594a195c107b8d'
[    3.145281] Loaded X.509 cert 'Canonical Ltd. Secure Boot Signing (2021 v2): 4cf046892d6fd3c9a5b03f98d845f90851dc6a8c'
[    3.164810] Loaded X.509 cert 'Canonical Ltd. Secure Boot Signing (2021 v3): 100437bb6de6e469b581e61cd66bce3ef4ed53af'
[    3.184801] Loaded X.509 cert 'Canonical Ltd. Secure Boot Signing (Ubuntu Core 2019): c1d57b8f6b743f23ee41f4f7ee292f06eecadfb9'
[    3.207453] zswap: loaded using pool lzo/zbud
[    3.237817] Key type big_key registered
[    3.246482] Key type trusted registered
[    3.263991] Key type encrypted registered
[    3.273775] AppArmor: AppArmor sha1 policy hashing enabled
[    3.284307] ima: No TPM chip found, activating TPM-bypass! (rc=-19)
[    3.295840] ima: Allocated hash algorithm: sha1
[    3.305008] evm: HMAC attrs: 0x1
[    3.313228]   Magic number: 8:716:905
[    3.321525] rtc_cmos rtc_cmos: setting system clock to 2024-01-29 21:53:24 UTC (1706565204)
[    3.340404] BIOS EDD facility v0.16 2004-Jun-25, 0 devices found
[    3.351489] EDD information not available.
[    3.365614] Freeing unused kernel image memory: 2480K
[    3.385358] Write protecting the kernel read-only data: 20480k
[    3.398550] Freeing unused kernel image memory: 2008K
[    3.408662] Freeing unused kernel image memory: 1820K
[    3.424235] x86/mm: Checked W+X mappings: passed, no W+X pages found.
Loading, please wait...
starting version 237
[    3.655069] Fusion MPT base driver 3.04.20
[    3.665753] Copyright (c) 1999-2008 LSI Corporation
[    3.682695] e1000: Intel(R) PRO/1000 Network Driver - version 7.3.21-k8-NAPI
[    3.698534] e1000: Copyright (c) 1999-2006 Intel Corporation.
[    3.754731] SSE version of gcm_enc/dec engaged.
[    3.787092] Fusion MPT SPI Host driver 3.04.20
[    3.994963] input: ImExPS/2 Generic Explorer Mouse as /devices/platform/i8042/serio1/input/input4
[    5.121279] e1000 0000:00:03.0 eth0: (PCI:33MHz:32-bit) 02:3b:7b:b7:3b:2d
[    5.132241] e1000 0000:00:03.0 eth0: Intel(R) PRO/1000 Network Connection
[    6.612468] e1000 0000:00:08.0 eth1: (PCI:33MHz:32-bit) 08:00:27:50:ee:2b
[    6.624112] e1000 0000:00:08.0 eth1: Intel(R) PRO/1000 Network Connection
[    6.639355] mptbase: ioc0: Initiating bringup
[    6.653182] e1000 0000:00:08.0 enp0s8: renamed from eth1
[    6.684752] e1000 0000:00:03.0 enp0s3: renamed from eth0
